=== model-prediction daily 2026-07-19 (America/New_York) ===
Started: Sun Jul 19 02:07:20 EDT 2026
{
  "date": "2026-07-19",
  "step1_polymarket_search": {
    "bbo_capture": {
      "captured": 350,
      "failure_details": [],
      "failures": 0,
      "missing_executable_ask": 0,
      "skipped_nonqualification_contracts": 197,
      "sports_scope": [
        "esports",
        "kbo",
        "mlb",
        "nba",
        "nfl",
        "npb",
        "wnba"
      ],
      "status": "ok",
      "storage": "data/odds/<sport>/2026-07-19/polymarket_snapshots.jsonl",
      "timestamp_valid": true
    },
    "event_count": 99,
    "leagues_with_events": [
      "MLB",
      "NBA",
      "WNBA",
      "WORLD_CUP",
      "WTA",
      "LOL",
      "CS2",
      "COD",
      "VALORANT",
      "DOTA2",
      "RAINBOW_SIX",
      "KBO",
      "NPB"
    ]
  },
  "step1b_soccer_scores": {
    "ARGENTINA": {
      "error": "Client error '401 Unauthorized' for url 'https://api.the-odds-api.com/v4/sports/soccer_argentina_pri",
      "status": "error"
    },
    "BRASILEIRAO": {
      "error": "Client error '401 Unauthorized' for url 'https://api.the-odds-api.com/v4/sports/soccer_brazil_campeo",
      "status": "error"
    },
    "BRAZIL_SERIE_B": {
      "error": "Client error '401 Unauthorized' for url 'https://api.the-odds-api.com/v4/sports/soccer_brazil_serie_",
      "status": "error"
    },
    "CHAMPIONSHIP": {
      "error": "Client error '401 Unauthorized' for url 'https://api.the-odds-api.com/v4/sports/soccer_efl_champ/sco",
      "status": "error"
    },
    "COPA_LIBERTADORES": {
      "error": "Client error '401 Unauthorized' for url 'https://api.the-odds-api.com/v4/sports/soccer_conmebol_copa",
      "status": "error"
    },
    "CSL": {
      "error": "Client error '401 Unauthorized' for url 'https://api.the-odds-api.com/v4/sports/soccer_china_superle",
      "status": "error"
    },
    "ELITESERIEN": {
      "error": "Client error '401 Unauthorized' for url 'https://api.the-odds-api.com/v4/sports/soccer_norway_elites",
      "status": "error"
    },
    "EREDIVISIE": {
      "error": "Client error '401 Unauthorized' for url 'https://api.the-odds-api.com/v4/sports/soccer_netherlands_e",
      "status": "error"
    },
    "K_LEAGUE_1": {
      "error": "Client error '401 Unauthorized' for url 'https://api.the-odds-api.com/v4/sports/soccer_korea_kleague",
      "status": "error"
    },
    "LIGA_MX": {
      "error": "Client error '401 Unauthorized' for url 'https://api.the-odds-api.com/v4/sports/soccer_mexico_ligamx",
      "status": "error"
    },
    "LIGUE_1": {
      "error": "Client error '401 Unauthorized' for url 'https://api.the-odds-api.com/v4/sports/soccer_france_ligue_",
      "status": "error"
    },
    "SUPERLIGA": {
      "error": "Client error '401 Unauthorized' for url 'https://api.the-odds-api.com/v4/sports/soccer_denmark_super",
      "status": "error"
    },
    "historical_path": "data/historical/soccer_games_all.jsonl",
    "total_new_games": 0
  },
  "step2_3_forecast_and_log": {
    "mlb": {
      "artifact": "/Users/vincentc9002/Documents/Poly & Kalshi/model prediction/config/models/mlb-elo-trend-lr-v3.json",
      "calls": 16,
      "duplicate_pick_ids": [
        "48c8669ffc2149cc",
        "5290104d16c8463b",
        "7a4271bd40494914",
        "6c30433f6943459a",
        "a96ea6dd6b144441",
        "04b8c864fb464dd7"
      ],
      "game_date": "2026-07-19",
      "logged": 10,
      "logged_pick_ids": [
        "ee35adb98f784e59",
        "bff93411c18143bc",
        "7a5321f2e77d458e",
        "bbada8fde8a145ab",
        "e97f5878832e48c1",
        "910564f41bcf43c7",
        "57f7b4677efb4cbc",
        "7d8aeb252e2b476d",
        "10db4b9843584130",
        "45668647ec5a4367"
      ],
      "model_version": "mlb-elo-trend-lr-v3",
      "note": "Logged 10 of 16 calls against stored executable asks; 6 duplicates, 0 without a matched quote.",
      "qualified_shadow_calls": 0,
      "scheduled_games": 16,
      "skipped": [],
      "sport": "mlb",
      "status": "learned_forecast_complete",
      "unmatched_quotes": [],
      "zero_unit_research_calls": 16
    },
    "nba": {
      "artifact": "/Users/vincentc9002/Documents/Poly & Kalshi/model prediction/config/models/nba-elo-trend-lr-v3.json",
      "calls": 0,
      "duplicate_pick_ids": [],
      "game_date": "2026-07-19",
      "logged": 0,
      "logged_pick_ids": [],
      "model_version": "nba-elo-trend-lr-v3",
      "note": "No calls above the learned confidence threshold.",
      "qualified_shadow_calls": 0,
      "scheduled_games": 0,
      "skipped": [],
      "sport": "nba",
      "status": "learned_forecast_complete",
      "unmatched_quotes": [],
      "zero_unit_research_calls": 0
    },
    "nfl": {
      "artifact": "/Users/vincentc9002/Documents/Poly & Kalshi/model prediction/config/models/nfl-elo-trend-lr-v3.json",
      "calls": 0,
      "duplicate_pick_ids": [],
      "game_date": "2026-07-19",
      "logged": 0,
      "logged_pick_ids": [],
      "model_version": "nfl-elo-trend-lr-v3",
      "note": "No calls above the learned confidence threshold.",
      "qualified_shadow_calls": 0,
      "scheduled_games": 0,
      "skipped": [],
      "sport": "nfl",
      "status": "learned_forecast_complete",
      "unmatched_quotes": [],
      "zero_unit_research_calls": 0
    },
    "soccer": {
      "logged": 0,
      "reason": "unsupported ESPN league: SOCCER",
      "sport": "soccer",
      "status": "forecast_unavailable"
    },
    "wnba": {
      "artifact": "/Users/vincentc9002/Documents/Poly & Kalshi/model prediction/config/models/wnba-elo-trend-lr-v3.json",
      "calls": 3,
      "duplicate_pick_ids": [],
      "game_date": "2026-07-19",
      "logged": 0,
      "logged_pick_ids": [],
      "model_version": "wnba-elo-trend-lr-v3",
      "note": "Logged 0 of 3 calls against stored executable asks; 0 duplicates, 3 without a matched quote.",
      "qualified_shadow_calls": 3,
      "scheduled_games": 3,
      "skipped": [],
      "sport": "wnba",
      "status": "learned_forecast_complete",
      "unmatched_quotes": [
        {
          "event_id": "401857080",
          "reason": "model edge -0.0490 below 2% minimum over executable ask 0.8000"
        },
        {
          "event_id": "401857081",
          "reason": "model edge -0.1443 below 2% minimum over executable ask 0.8200"
        },
        {
          "event_id": "401857082",
          "reason": "model edge -0.0442 below 2% minimum over executable ask 0.6100"
        }
      ],
      "zero_unit_research_calls": 0
    }
  },
  "step3b_polymarket_odds_snapshots": {
    "mlb": {
      "moneyline_snapshots": 37,
      "snapshots": 426,
      "spread_snapshots": 186,
      "total_snapshots": 203,
      "with_executable_bbo": 426
    },
    "nba": {
      "moneyline_snapshots": 4,
      "snapshots": 4,
      "spread_snapshots": 0,
      "total_snapshots": 0,
      "with_executable_bbo": 4
    },
    "wnba": {
      "moneyline_snapshots": 6,
      "snapshots": 90,
      "spread_snapshots": 40,
      "total_snapshots": 44,
      "with_executable_bbo": 90
    }
  },
  "step4_settlement": {
    "failures": [],
    "note": "Results pulled from ESPN scoreboards; closing prices from stored pregame BBO asks.",
    "settled": [
      {
        "pick_id": "0a1abd6e59a84720",
        "result": "win"
      },
      {
        "pick_id": "534daa3057c4428f",
        "result": "win"
      }
    ],
    "still_open": [
      "87feefaaee354c43",
      "48c8669ffc2149cc",
      "5290104d16c8463b",
      "7a4271bd40494914",
      "6c30433f6943459a",
      "a96ea6dd6b144441",
      "04b8c864fb464dd7",
      "ee35adb98f784e59",
      "bff93411c18143bc",
      "7a5321f2e77d458e",
      "bbada8fde8a145ab",
      "e97f5878832e48c1",
      "910564f41bcf43c7",
      "57f7b4677efb4cbc",
      "7d8aeb252e2b476d",
      "10db4b9843584130",
      "45668647ec5a4367"
    ],
    "voided": []
  },
  "step5_summary": {
    "bankroll_reference_units": 5,
    "date_et": "2026-07-19",
    "mean_probability_clv": null,
    "model_drift": {
      "WNBA": {
        "n": 1,
        "status": "insufficient_sample"
      }
    },
    "note": "Shadow research accounting only; no real-money authorization.",
    "open_picks": 17,
    "open_units": 0,
    "picks_logged_today": 10,
    "picks_settled_today": 2,
    "qualified_pnl_units_all_time": 0.282,
    "research_progress": {
      "iteration_policy": "continuous_no_parameter_freezes",
      "measured_edge_forward_picks": 0,
      "measured_edge_settled": 0,
      "promotion_requires": "versioned walk-forward ablation and locked holdout"
    }
  }
}
Finished: Sun Jul 19 02:08:38 EDT 2026
=== model-prediction daily 2026-07-19 (America/New_York) ===
Started: Sun Jul 19 05:08:38 EDT 2026
{
  "date": "2026-07-19",
  "step1_polymarket_search": {
    "bbo_capture": {
      "captured": 349,
      "failure_details": [],
      "failures": 0,
      "missing_executable_ask": 0,
      "skipped_nonqualification_contracts": 237,
      "sports_scope": [
        "esports",
        "kbo",
        "mlb",
        "nba",
        "nfl",
        "npb",
        "wnba"
      ],
      "status": "ok",
      "storage": "data/odds/<sport>/2026-07-19/polymarket_snapshots.jsonl",
      "timestamp_valid": true
    },
    "event_count": 97,
    "leagues_with_events": [
      "MLB",
      "NBA",
      "WNBA",
      "WORLD_CUP",
      "WTA",
      "LOL",
      "CS2",
      "COD",
      "VALORANT",
      "DOTA2",
      "RAINBOW_SIX",
      "KBO",
      "NPB"
    ]
  },
  "step1b_soccer_scores": {
    "ARGENTINA": {
      "error": "Client error '401 Unauthorized' for url 'https://api.the-odds-api.com/v4/sports/soccer_argentina_pri",
      "status": "error"
    },
    "BRASILEIRAO": {
      "error": "Client error '401 Unauthorized' for url 'https://api.the-odds-api.com/v4/sports/soccer_brazil_campeo",
      "status": "error"
    },
    "BRAZIL_SERIE_B": {
      "error": "Client error '401 Unauthorized' for url 'https://api.the-odds-api.com/v4/sports/soccer_brazil_serie_",
      "status": "error"
    },
    "CHAMPIONSHIP": {
      "error": "Client error '401 Unauthorized' for url 'https://api.the-odds-api.com/v4/sports/soccer_efl_champ/sco",
      "status": "error"
    },
    "COPA_LIBERTADORES": {
      "error": "Client error '401 Unauthorized' for url 'https://api.the-odds-api.com/v4/sports/soccer_conmebol_copa",
      "status": "error"
    },
    "CSL": {
      "error": "Client error '401 Unauthorized' for url 'https://api.the-odds-api.com/v4/sports/soccer_china_superle",
      "status": "error"
    },
    "ELITESERIEN": {
      "error": "Client error '401 Unauthorized' for url 'https://api.the-odds-api.com/v4/sports/soccer_norway_elites",
      "status": "error"
    },
    "EREDIVISIE": {
      "error": "Client error '401 Unauthorized' for url 'https://api.the-odds-api.com/v4/sports/soccer_netherlands_e",
      "status": "error"
    },
    "K_LEAGUE_1": {
      "error": "Client error '401 Unauthorized' for url 'https://api.the-odds-api.com/v4/sports/soccer_korea_kleague",
      "status": "error"
    },
    "LIGA_MX": {
      "error": "Client error '401 Unauthorized' for url 'https://api.the-odds-api.com/v4/sports/soccer_mexico_ligamx",
      "status": "error"
    },
    "LIGUE_1": {
      "error": "Client error '401 Unauthorized' for url 'https://api.the-odds-api.com/v4/sports/soccer_france_ligue_",
      "status": "error"
    },
    "SUPERLIGA": {
      "error": "Client error '401 Unauthorized' for url 'https://api.the-odds-api.com/v4/sports/soccer_denmark_super",
      "status": "error"
    },
    "historical_path": "data/historical/soccer_games_all.jsonl",
    "total_new_games": 0
  },
  "step2_3_forecast_and_log": {
    "mlb": {
      "artifact": "/Users/vincentc9002/Documents/Poly & Kalshi/model prediction/config/models/mlb-elo-trend-lr-v3.json",
      "calls": 16,
      "duplicate_pick_ids": [
        "48c8669ffc2149cc",
        "ee35adb98f784e59",
        "5290104d16c8463b",
        "7a4271bd40494914",
        "bff93411c18143bc",
        "6c30433f6943459a",
        "7a5321f2e77d458e",
        "a96ea6dd6b144441",
        "04b8c864fb464dd7",
        "bbada8fde8a145ab",
        "e97f5878832e48c1",
        "910564f41bcf43c7",
        "57f7b4677efb4cbc",
        "7d8aeb252e2b476d",
        "10db4b9843584130",
        "45668647ec5a4367"
      ],
      "game_date": "2026-07-19",
      "logged": 0,
      "logged_pick_ids": [],
      "model_version": "mlb-elo-trend-lr-v3",
      "note": "Logged 0 of 16 calls against stored executable asks; 16 duplicates, 0 without a matched quote.",
      "qualified_shadow_calls": 0,
      "scheduled_games": 16,
      "skipped": [],
      "sport": "mlb",
      "status": "learned_forecast_complete",
      "unmatched_quotes": [],
      "zero_unit_research_calls": 16
    },
    "nba": {
      "artifact": "/Users/vincentc9002/Documents/Poly & Kalshi/model prediction/config/models/nba-elo-trend-lr-v3.json",
      "calls": 0,
      "duplicate_pick_ids": [],
      "game_date": "2026-07-19",
      "logged": 0,
      "logged_pick_ids": [],
      "model_version": "nba-elo-trend-lr-v3",
      "note": "No calls above the learned confidence threshold.",
      "qualified_shadow_calls": 0,
      "scheduled_games": 0,
      "skipped": [],
      "sport": "nba",
      "status": "learned_forecast_complete",
      "unmatched_quotes": [],
      "zero_unit_research_calls": 0
    },
    "nfl": {
      "artifact": "/Users/vincentc9002/Documents/Poly & Kalshi/model prediction/config/models/nfl-elo-trend-lr-v3.json",
      "calls": 0,
      "duplicate_pick_ids": [],
      "game_date": "2026-07-19",
      "logged": 0,
      "logged_pick_ids": [],
      "model_version": "nfl-elo-trend-lr-v3",
      "note": "No calls above the learned confidence threshold.",
      "qualified_shadow_calls": 0,
      "scheduled_games": 0,
      "skipped": [],
      "sport": "nfl",
      "status": "learned_forecast_complete",
      "unmatched_quotes": [],
      "zero_unit_research_calls": 0
    },
    "soccer": {
      "logged": 0,
      "reason": "unsupported ESPN league: SOCCER",
      "sport": "soccer",
      "status": "forecast_unavailable"
    },
    "wnba": {
      "artifact": "/Users/vincentc9002/Documents/Poly & Kalshi/model prediction/config/models/wnba-elo-trend-lr-v3.json",
      "calls": 3,
      "duplicate_pick_ids": [],
      "game_date": "2026-07-19",
      "logged": 0,
      "logged_pick_ids": [],
      "model_version": "wnba-elo-trend-lr-v3",
      "note": "Logged 0 of 3 calls against stored executable asks; 0 duplicates, 3 without a matched quote.",
      "qualified_shadow_calls": 3,
      "scheduled_games": 3,
      "skipped": [],
      "sport": "wnba",
      "status": "learned_forecast_complete",
      "unmatched_quotes": [
        {
          "event_id": "401857080",
          "reason": "model edge -0.0490 below 2% minimum over executable ask 0.8000"
        },
        {
          "event_id": "401857081",
          "reason": "model edge -0.1343 below 2% minimum over executable ask 0.8100"
        },
        {
          "event_id": "401857082",
          "reason": "model edge -0.0442 below 2% minimum over executable ask 0.6100"
        }
      ],
      "zero_unit_research_calls": 0
    }
  },
  "step3b_polymarket_odds_snapshots": {
    "mlb": {
      "moneyline_snapshots": 53,
      "snapshots": 666,
      "spread_snapshots": 282,
      "total_snapshots": 331,
      "with_executable_bbo": 666
    },
    "nba": {
      "moneyline_snapshots": 6,
      "snapshots": 6,
      "spread_snapshots": 0,
      "total_snapshots": 0,
      "with_executable_bbo": 6
    },
    "wnba": {
      "moneyline_snapshots": 9,
      "snapshots": 144,
      "spread_snapshots": 64,
      "total_snapshots": 71,
      "with_executable_bbo": 144
    }
  },
  "step4_settlement": {
    "failures": [],
    "note": "Results pulled from ESPN scoreboards; closing prices from stored pregame BBO asks.",
    "settled": [],
    "still_open": [
      "87feefaaee354c43",
      "48c8669ffc2149cc",
      "5290104d16c8463b",
      "7a4271bd40494914",
      "6c30433f6943459a",
      "a96ea6dd6b144441",
      "04b8c864fb464dd7",
      "ee35adb98f784e59",
      "bff93411c18143bc",
      "7a5321f2e77d458e",
      "bbada8fde8a145ab",
      "e97f5878832e48c1",
      "910564f41bcf43c7",
      "57f7b4677efb4cbc",
      "7d8aeb252e2b476d",
      "10db4b9843584130",
      "45668647ec5a4367"
    ],
    "voided": []
  },
  "step5_summary": {
    "bankroll_reference_units": 5,
    "date_et": "2026-07-19",
    "mean_probability_clv": null,
    "model_drift": {
      "WNBA": {
        "n": 1,
        "status": "insufficient_sample"
      }
    },
    "note": "Shadow research accounting only; no real-money authorization.",
    "open_picks": 17,
    "open_units": 0,
    "picks_logged_today": 10,
    "picks_settled_today": 2,
    "qualified_pnl_units_all_time": 0.282,
    "research_progress": {
      "iteration_policy": "continuous_no_parameter_freezes",
      "measured_edge_forward_picks": 0,
      "measured_edge_settled": 0,
      "promotion_requires": "versioned walk-forward ablation and locked holdout"
    }
  }
}
Finished: Sun Jul 19 05:09:51 EDT 2026
=== model-prediction daily 2026-07-19 (America/New_York) ===
Started: Sun Jul 19 08:09:51 EDT 2026
{
  "date": "2026-07-19",
  "step1_polymarket_search": {
    "bbo_capture": {
      "captured": 337,
      "failure_details": [],
      "failures": 0,
      "missing_executable_ask": 0,
      "skipped_nonqualification_contracts": 192,
      "sports_scope": [
        "esports",
        "kbo",
        "mlb",
        "nba",
        "nfl",
        "npb",
        "wnba"
      ],
      "status": "ok",
      "storage": "data/odds/<sport>/2026-07-19/polymarket_snapshots.jsonl",
      "timestamp_valid": true
    },
    "event_count": 79,
    "leagues_with_events": [
      "MLB",
      "NBA",
      "WNBA",
      "WORLD_CUP",
      "WTA",
      "LOL",
      "CS2",
      "COD",
      "VALORANT",
      "DOTA2",
      "RAINBOW_SIX",
      "KBO",
      "NPB"
    ]
  },
  "step1b_soccer_scores": {
    "ARGENTINA": {
      "error": "Client error '401 Unauthorized' for url 'https://api.the-odds-api.com/v4/sports/soccer_argentina_pri",
      "status": "error"
    },
    "BRASILEIRAO": {
      "error": "Client error '401 Unauthorized' for url 'https://api.the-odds-api.com/v4/sports/soccer_brazil_campeo",
      "status": "error"
    },
    "BRAZIL_SERIE_B": {
      "error": "Client error '401 Unauthorized' for url 'https://api.the-odds-api.com/v4/sports/soccer_brazil_serie_",
      "status": "error"
    },
    "CHAMPIONSHIP": {
      "error": "Client error '401 Unauthorized' for url 'https://api.the-odds-api.com/v4/sports/soccer_efl_champ/sco",
      "status": "error"
    },
    "COPA_LIBERTADORES": {
      "error": "Client error '401 Unauthorized' for url 'https://api.the-odds-api.com/v4/sports/soccer_conmebol_copa",
      "status": "error"
    },
    "CSL": {
      "error": "Client error '401 Unauthorized' for url 'https://api.the-odds-api.com/v4/sports/soccer_china_superle",
      "status": "error"
    },
    "ELITESERIEN": {
      "error": "Client error '401 Unauthorized' for url 'https://api.the-odds-api.com/v4/sports/soccer_norway_elites",
      "status": "error"
    },
    "EREDIVISIE": {
      "error": "Client error '401 Unauthorized' for url 'https://api.the-odds-api.com/v4/sports/soccer_netherlands_e",
      "status": "error"
    },
    "K_LEAGUE_1": {
      "error": "Client error '401 Unauthorized' for url 'https://api.the-odds-api.com/v4/sports/soccer_korea_kleague",
      "status": "error"
    },
    "LIGA_MX": {
      "error": "Client error '401 Unauthorized' for url 'https://api.the-odds-api.com/v4/sports/soccer_mexico_ligamx",
      "status": "error"
    },
    "LIGUE_1": {
      "error": "Client error '401 Unauthorized' for url 'https://api.the-odds-api.com/v4/sports/soccer_france_ligue_",
      "status": "error"
    },
    "SUPERLIGA": {
      "error": "Client error '401 Unauthorized' for url 'https://api.the-odds-api.com/v4/sports/soccer_denmark_super",
      "status": "error"
    },
    "historical_path": "data/historical/soccer_games_all.jsonl",
    "total_new_games": 0
  },
  "step2_3_forecast_and_log": {
    "mlb": {
      "artifact": "/Users/vincentc9002/Documents/Poly & Kalshi/model prediction/config/models/mlb-elo-trend-lr-v3.json",
      "calls": 15,
      "duplicate_pick_ids": [
        "48c8669ffc2149cc",
        "5290104d16c8463b",
        "bff93411c18143bc",
        "6c30433f6943459a",
        "a96ea6dd6b144441",
        "04b8c864fb464dd7",
        "e97f5878832e48c1",
        "910564f41bcf43c7"
      ],
      "game_date": "2026-07-19",
      "logged": 0,
      "logged_pick_ids": [],
      "model_version": "mlb-elo-trend-lr-v3",
      "note": "Logged 0 of 15 calls against stored executable asks; 8 duplicates, 7 without a matched quote.",
      "qualified_shadow_calls": 15,
      "scheduled_games": 16,
      "skipped": [
        {
          "event_id": "401897386",
          "reason": "NO_CALL_STARTERS_UNAVAILABLE: no two-sided probable-starter ERA for event 401897386 on 2026-07-19 (Los Angeles Dodgers at New York Yankees)"
        }
      ],
      "sport": "mlb",
      "status": "learned_forecast_complete",
      "unmatched_quotes": [
        {
          "event_id": "401816175",
          "reason": "model edge 0.0132 below 2% minimum over executable ask 0.5400"
        },
        {
          "event_id": "401816177",
          "reason": "model edge 0.0038 below 2% minimum over executable ask 0.5150"
        },
        {
          "event_id": "401816179",
          "reason": "model edge -0.0009 below 2% minimum over executable ask 0.6000"
        },
        {
          "event_id": "401816182",
          "reason": "model edge -0.0582 below 2% minimum over executable ask 0.5850"
        },
        {
          "event_id": "401816183",
          "reason": "model edge -0.0245 below 2% minimum over executable ask 0.6200"
        },
        {
          "event_id": "401816184",
          "reason": "model edge -0.0065 below 2% minimum over executable ask 0.5250"
        },
        {
          "event_id": "401816172",
          "reason": "model edge -0.0018 below 2% minimum over executable ask 0.5200"
        }
      ],
      "zero_unit_research_calls": 0
    },
    "nba": {
      "artifact": "/Users/vincentc9002/Documents/Poly & Kalshi/model prediction/config/models/nba-elo-trend-lr-v3.json",
      "calls": 0,
      "duplicate_pick_ids": [],
      "game_date": "2026-07-19",
      "logged": 0,
      "logged_pick_ids": [],
      "model_version": "nba-elo-trend-lr-v3",
      "note": "No calls above the learned confidence threshold.",
      "qualified_shadow_calls": 0,
      "scheduled_games": 0,
      "skipped": [],
      "sport": "nba",
      "status": "learned_forecast_complete",
      "unmatched_quotes": [],
      "zero_unit_research_calls": 0
    },
    "nfl": {
      "artifact": "/Users/vincentc9002/Documents/Poly & Kalshi/model prediction/config/models/nfl-elo-trend-lr-v3.json",
      "calls": 0,
      "duplicate_pick_ids": [],
      "game_date": "2026-07-19",
      "logged": 0,
      "logged_pick_ids": [],
      "model_version": "nfl-elo-trend-lr-v3",
      "note": "No calls above the learned confidence threshold.",
      "qualified_shadow_calls": 0,
      "scheduled_games": 0,
      "skipped": [],
      "sport": "nfl",
      "status": "learned_forecast_complete",
      "unmatched_quotes": [],
      "zero_unit_research_calls": 0
    },
    "soccer": {
      "logged": 0,
      "reason": "unsupported ESPN league: SOCCER",
      "sport": "soccer",
      "status": "forecast_unavailable"
    },
    "wnba": {
      "artifact": "/Users/vincentc9002/Documents/Poly & Kalshi/model prediction/config/models/wnba-elo-trend-lr-v3.json",
      "calls": 3,
      "duplicate_pick_ids": [],
      "game_date": "2026-07-19",
      "logged": 0,
      "logged_pick_ids": [],
      "model_version": "wnba-elo-trend-lr-v3",
      "note": "Logged 0 of 3 calls against stored executable asks; 0 duplicates, 3 without a matched quote.",
      "qualified_shadow_calls": 3,
      "scheduled_games": 3,
      "skipped": [],
      "sport": "wnba",
      "status": "learned_forecast_complete",
      "unmatched_quotes": [
        {
          "event_id": "401857080",
          "reason": "model edge -0.0490 below 2% minimum over executable ask 0.8000"
        },
        {
          "event_id": "401857081",
          "reason": "model edge -0.1343 below 2% minimum over executable ask 0.8100"
        },
        {
          "event_id": "401857082",
          "reason": "model edge -0.0442 below 2% minimum over executable ask 0.6100"
        }
      ],
      "zero_unit_research_calls": 0
    }
  },
  "step3b_polymarket_odds_snapshots": {
    "mlb": {
      "moneyline_snapshots": 165,
      "snapshots": 2346,
      "spread_snapshots": 954,
      "total_snapshots": 1227,
      "with_executable_bbo": 2346
    },
    "nba": {
      "moneyline_snapshots": 27,
      "snapshots": 27,
      "spread_snapshots": 0,
      "total_snapshots": 0,
      "with_executable_bbo": 27
    },
    "wnba": {
      "moneyline_snapshots": 30,
      "snapshots": 522,
      "spread_snapshots": 232,
      "total_snapshots": 260,
      "with_executable_bbo": 522
    }
  },
  "step4_settlement": {
    "failures": [],
    "note": "Results pulled from ESPN scoreboards; closing prices from stored pregame BBO asks.",
    "settled": [],
    "still_open": [
      "87feefaaee354c43",
      "48c8669ffc2149cc",
      "5290104d16c8463b",
      "7a4271bd40494914",
      "6c30433f6943459a",
      "a96ea6dd6b144441",
      "04b8c864fb464dd7",
      "ee35adb98f784e59",
      "bff93411c18143bc",
      "7a5321f2e77d458e",
      "bbada8fde8a145ab",
      "e97f5878832e48c1",
      "910564f41bcf43c7",
      "57f7b4677efb4cbc",
      "7d8aeb252e2b476d",
      "10db4b9843584130",
      "45668647ec5a4367"
    ],
    "voided": []
  },
  "step5_summary": {
    "bankroll_reference_units": 5,
    "date_et": "2026-07-19",
    "mean_probability_clv": null,
    "model_drift": {
      "WNBA": {
        "n": 1,
        "status": "insufficient_sample"
      }
    },
    "note": "Shadow research accounting only; no real-money authorization.",
    "open_picks": 17,
    "open_units": 0,
    "picks_logged_today": 34,
    "picks_settled_today": 2,
    "qualified_pnl_units_all_time": 0.282,
    "research_progress": {
      "iteration_policy": "continuous_no_parameter_freezes",
      "measured_edge_forward_picks": 0,
      "measured_edge_settled": 0,
      "promotion_requires": "versioned walk-forward ablation and locked holdout"
    }
  }
}
Finished: Sun Jul 19 08:11:19 EDT 2026
